They discover, along with the passage of time, sounds obvious is first name of black people more can reliably show society of child economy background.
Design not only mean style and taste, also integration culture and the individuality.
Each people entirely may be entrepeneur, and these professional share, can make entrepeneur no longer alone.
He to local medium indication, law have not expressly prohibited sets up this type of organization.
Like that, cash how spends goes out, makes it became more valuable, then became most crucial problem.
